[    1128ms] [LOG] Gather usage stats:  true @ http://localhost:8501/static/js/main.7e6f4f72.js:1
[    1568ms] [WARNING] Unrecognized feature: 'ambient-light-sensor'. @ http://localhost:8501/static/js/main.7e6f4f72.js:1
[    1568ms] [WARNING] Unrecognized feature: 'battery'. @ http://localhost:8501/static/js/main.7e6f4f72.js:1
[    1568ms] [WARNING] Unrecognized feature: 'document-domain'. @ http://localhost:8501/static/js/main.7e6f4f72.js:1
[    1568ms] [WARNING] Unrecognized feature: 'layout-animations'. @ http://localhost:8501/static/js/main.7e6f4f72.js:1
[    1568ms] [WARNING] Unrecognized feature: 'legacy-image-formats'. @ http://localhost:8501/static/js/main.7e6f4f72.js:1
[    1568ms] [WARNING] Unrecognized feature: 'oversized-images'. @ http://localhost:8501/static/js/main.7e6f4f72.js:1
[    1569ms] [WARNING] Unrecognized feature: 'vr'. @ http://localhost:8501/static/js/main.7e6f4f72.js:1
[    1569ms] [WARNING] Unrecognized feature: 'wake-lock'. @ http://localhost:8501/static/js/main.7e6f4f72.js:1
[    1883ms] [WARNING] An iframe which has both allow-scripts and allow-same-origin for its sandbox attribute can escape its sandboxing. @ http://localhost:8501/component/streamlit_plotly_events.plotly_events/index.html?streamlitUrl=http%3A%2F%2Flocalhost%3A8501%2F:0
[    1905ms] [WARNING] An iframe which has both allow-scripts and allow-same-origin for its sandbox attribute can escape its sandboxing. @ http://localhost:8501/component/streamlit_plotly_events.plotly_events/index.html?streamlitUrl=http%3A%2F%2Flocalhost%3A8501%2F:0
[    7726ms] [LOG] Gather usage stats:  true @ http://localhost:8501/static/js/main.7e6f4f72.js:1
[    8129ms] [WARNING] Unrecognized feature: 'ambient-light-sensor'. @ http://localhost:8501/static/js/main.7e6f4f72.js:1
[    8129ms] [WARNING] Unrecognized feature: 'battery'. @ http://localhost:8501/static/js/main.7e6f4f72.js:1
[    8129ms] [WARNING] Unrecognized feature: 'document-domain'. @ http://localhost:8501/static/js/main.7e6f4f72.js:1
[    8129ms] [WARNING] Unrecognized feature: 'layout-animations'. @ http://localhost:8501/static/js/main.7e6f4f72.js:1
[    8129ms] [WARNING] Unrecognized feature: 'legacy-image-formats'. @ http://localhost:8501/static/js/main.7e6f4f72.js:1
[    8129ms] [WARNING] Unrecognized feature: 'oversized-images'. @ http://localhost:8501/static/js/main.7e6f4f72.js:1
[    8129ms] [WARNING] Unrecognized feature: 'vr'. @ http://localhost:8501/static/js/main.7e6f4f72.js:1
[    8129ms] [WARNING] Unrecognized feature: 'wake-lock'. @ http://localhost:8501/static/js/main.7e6f4f72.js:1
[    8340ms] [WARNING] An iframe which has both allow-scripts and allow-same-origin for its sandbox attribute can escape its sandboxing. @ http://localhost:8501/component/streamlit_plotly_events.plotly_events/index.html?streamlitUrl=http%3A%2F%2Flocalhost%3A8501%2F:0
[    9643ms] [WARNING] An iframe which has both allow-scripts and allow-same-origin for its sandbox attribute can escape its sandboxing. @ http://localhost:8501/component/streamlit_plotly_events.plotly_events/index.html?streamlitUrl=http%3A%2F%2Flocalhost%3A8501%2F:0
[  235758ms] [LOG] Gather usage stats:  true @ http://localhost:8501/static/js/main.7e6f4f72.js:1
[  236409ms] [WARNING] Unrecognized feature: 'ambient-light-sensor'. @ http://localhost:8501/static/js/main.7e6f4f72.js:1
[  236409ms] [WARNING] Unrecognized feature: 'battery'. @ http://localhost:8501/static/js/main.7e6f4f72.js:1
[  236409ms] [WARNING] Unrecognized feature: 'document-domain'. @ http://localhost:8501/static/js/main.7e6f4f72.js:1
[  236409ms] [WARNING] Unrecognized feature: 'layout-animations'. @ http://localhost:8501/static/js/main.7e6f4f72.js:1
[  236409ms] [WARNING] Unrecognized feature: 'legacy-image-formats'. @ http://localhost:8501/static/js/main.7e6f4f72.js:1
[  236409ms] [WARNING] Unrecognized feature: 'oversized-images'. @ http://localhost:8501/static/js/main.7e6f4f72.js:1
[  236409ms] [WARNING] Unrecognized feature: 'vr'. @ http://localhost:8501/static/js/main.7e6f4f72.js:1
[  236409ms] [WARNING] Unrecognized feature: 'wake-lock'. @ http://localhost:8501/static/js/main.7e6f4f72.js:1
[  236484ms] [WARNING] An iframe which has both allow-scripts and allow-same-origin for its sandbox attribute can escape its sandboxing. @ http://localhost:8501/component/streamlit_plotly_events.plotly_events/index.html?streamlitUrl=http%3A%2F%2Flocalhost%3A8501%2F:0
[  237995ms] [WARNING] An iframe which has both allow-scripts and allow-same-origin for its sandbox attribute can escape its sandboxing. @ http://localhost:8501/component/streamlit_plotly_events.plotly_events/index.html?streamlitUrl=http%3A%2F%2Flocalhost%3A8501%2F:0
