[   14628ms] [ERROR] Failed to load resource: the server responded with a status of 500 (Internal Server Error) @ http://localhost:3000/:0
[   15649ms] [INFO] %cDownload the React DevTools for a better development experience: https://react.dev/link/react-devtools font-weight:bold @ webpack-internal:///(pages-dir-browser)/./node_modules/react-dom/cjs/react-dom-client.development.js:28004
[   16059ms] InvariantError: Invariant: Expected clientReferenceManifest to be defined. This is a bug in Next.js.
    at assertClientReferenceManifest (file://D:\trading bot\geo-market-ml\frontend\node_modules\next\dist\compiled\next-server\app-page.runtime.dev.js:39:26046)
    at renderToHTMLOrFlightImpl (file://D:\trading bot\geo-market-ml\frontend\node_modules\next\dist\compiled\next-server\app-page.runtime.dev.js:39:30572)
    at AsyncLocalStorage.run (node:internal/async_local_storage/async_context_frame:63:14)
    at renderToHTMLOrFlight (file://D:\trading bot\geo-market-ml\frontend\node_modules\next\dist\compiled\next-server\app-page.runtime.dev.js:39:48706)
    at AppPageRouteModule.render (file://D:\trading bot\geo-market-ml\frontend\node_modules\next\dist\compiled\next-server\app-page.runtime.dev.js:41:60070)
    at invokeRouteModule (webpack-internal:///(rsc)/./node_modules/next/dist/build/webpack/loaders/next-app-loader/index.js?name=app%2Fpage&page=%2Fpage&appPaths=%2Fpage&pagePath=private-next-app-dir%2Fpage.tsx&appDir=D%3A%5Ctrading%20bot%5Cgeo-market-ml%5Cfrontend%5Csrc%5Capp&pageExtensions=tsx&pageExtensions=ts&pageExtensions=jsx&pageExtensions=js&rootDir=D%3A%5Ctrading%20bot%5Cgeo-market-ml%5Cfrontend&isDev=true&tsconfigPath=tsconfig.json&basePath=&assetPrefix=&nextConfigOutput=&preferredRegion=&middlewareConfig=e30%3D&isGlobalNotFoundEnabled=!:305:32)
    at doRender (webpack-internal:///(rsc)/./node_modules/next/dist/build/webpack/loaders/next-app-loader/index.js?name=app%2Fpage&page=%2Fpage&appPaths=%2Fpage&pagePath=private-next-app-dir%2Fpage.tsx&appDir=D%3A%5Ctrading%20bot%5Cgeo-market-ml%5Cfrontend%5Csrc%5Capp&pageExtensions=tsx&pageExtensions=ts&pageExtensions=jsx&pageExtensions=js&rootDir=D%3A%5Ctrading%20bot%5Cgeo-market-ml%5Cfrontend&isDev=true&tsconfigPath=tsconfig.json&basePath=&assetPrefix=&nextConfigOutput=&preferredRegion=&middlewareConfig=e30%3D&isGlobalNotFoundEnabled=!:414:34)
    at responseGenerator (webpack-internal:///(rsc)/./node_modules/next/dist/build/webpack/loaders/next-app-loader/index.js?name=app%2Fpage&page=%2Fpage&appPaths=%2Fpage&pagePath=private-next-app-dir%2Fpage.tsx&appDir=D%3A%5Ctrading%20bot%5Cgeo-market-ml%5Cfrontend%5Csrc%5Capp&pageExtensions=tsx&pageExtensions=ts&pageExtensions=jsx&pageExtensions=js&rootDir=D%3A%5Ctrading%20bot%5Cgeo-market-ml%5Cfrontend&isDev=true&tsconfigPath=tsconfig.json&basePath=&assetPrefix=&nextConfigOutput=&preferredRegion=&middlewareConfig=e30%3D&isGlobalNotFoundEnabled=!:558:20)
    at responseGenerator (webpack-internal:///(rsc)/./node_modules/next/dist/build/webpack/loaders/next-app-loader/index.js?name=app%2Fpage&page=%2Fpage&appPaths=%2Fpage&pagePath=private-next-app-dir%2Fpage.tsx&appDir=D%3A%5Ctrading%20bot%5Cgeo-market-ml%5Cfrontend%5Csrc%5Capp&pageExtensions=tsx&pageExtensions=ts&pageExtensions=jsx&pageExtensions=js&rootDir=D%3A%5Ctrading%20bot%5Cgeo-market-ml%5Cfrontend&isDev=true&tsconfigPath=tsconfig.json&basePath=&assetPrefix=&nextConfigOutput=&preferredRegion=&middlewareConfig=e30%3D&isGlobalNotFoundEnabled=!:568:41)
    at ResponseCache.get (file://D:\trading bot\geo-market-ml\frontend\node_modules\next\dist\compiled\next-server\app-page.runtime.dev.js:35:13608)
    at AppPageRouteModule.handleResponse (file://D:\trading bot\geo-market-ml\frontend\node_modules\next\dist\compiled\next-server\app-page.runtime.dev.js:41:57325)
    at async handleResponse (webpack-internal:///(rsc)/./node_modules/next/dist/build/webpack/loaders/next-app-loader/index.js?name=app%2Fpage&page=%2Fpage&appPaths=%2Fpage&pagePath=private-next-app-dir%2Fpage.tsx&appDir=D%3A%5Ctrading%20bot%5Cgeo-market-ml%5Cfrontend%5Csrc%5Capp&pageExtensions=tsx&pageExtensions=ts&pageExtensions=jsx&pageExtensions=js&rootDir=D%3A%5Ctrading%20bot%5Cgeo-market-ml%5Cfrontend&isDev=true&tsconfigPath=tsconfig.json&basePath=&assetPrefix=&nextConfigOutput=&preferredRegion=&middlewareConfig=e30%3D&isGlobalNotFoundEnabled=!:566:32)
    at async handler (webpack-internal:///(rsc)/./node_modules/next/dist/build/webpack/loaders/next-app-loader/index.js?name=app%2Fpage&page=%2Fpage&appPaths=%2Fpage&pagePath=private-next-app-dir%2Fpage.tsx&appDir=D%3A%5Ctrading%20bot%5Cgeo-market-ml%5Cfrontend%5Csrc%5Capp&pageExtensions=tsx&pageExtensions=ts&pageExtensions=jsx&pageExtensions=js&rootDir=D%3A%5Ctrading%20bot%5Cgeo-market-ml%5Cfrontend&isDev=true&tsconfigPath=tsconfig.json&basePath=&assetPrefix=&nextConfigOutput=&preferredRegion=&middlewareConfig=e30%3D&isGlobalNotFoundEnabled=!:944:20)
    at async DevServer.renderToResponseWithComponentsImpl (file://D:\trading bot\geo-market-ml\frontend\node_modules\next\dist\server\base-server.js:1422:9)
    at async DevServer.renderPageComponent (file://D:\trading bot\geo-market-ml\frontend\node_modules\next\dist\server\base-server.js:1474:24)
    at async DevServer.renderToResponseImpl (file://D:\trading bot\geo-market-ml\frontend\node_modules\next\dist\server\base-server.js:1514:32)
    at async DevServer.pipeImpl (file://D:\trading bot\geo-market-ml\frontend\node_modules\next\dist\server\base-server.js:1025:25)
    at async NextNodeServer.handleCatchallRenderRequest (file://D:\trading bot\geo-market-ml\frontend\node_modules\next\dist\server\next-server.js:393:17)
    at async DevServer.handleRequestImpl (file://D:\trading bot\geo-market-ml\frontend\node_modules\next\dist\server\base-server.js:916:17)
    at async (file://D:\trading bot\geo-market-ml\frontend\node_modules\next\dist\server\dev\next-dev-server.js:400:20)
    at async Span.traceAsyncFn (file://D:\trading bot\geo-market-ml\frontend\node_modules\next\dist\trace\trace.js:157:20)
    at async DevServer.handleRequest (file://D:\trading bot\geo-market-ml\frontend\node_modules\next\dist\server\dev\next-dev-server.js:396:24)
    at async invokeRender (file://D:\trading bot\geo-market-ml\frontend\node_modules\next\dist\server\lib\router-server.js:240:21)
    at async handleRequest (file://D:\trading bot\geo-market-ml\frontend\node_modules\next\dist\server\lib\router-server.js:437:24)
    at async requestHandlerImpl (file://D:\trading bot\geo-market-ml\frontend\node_modules\next\dist\server\lib\router-server.js:485:13)
    at async Server.requestListener (file://D:\trading bot\geo-market-ml\frontend\node_modules\next\dist\server\lib\start-server.js:226:13)
[   16052ms] [LOG] [HMR] connected @ webpack-internal:///(pages-dir-browser)/./node_modules/next/dist/client/dev/hot-reloader/pages/websocket.js:45
[   16096ms] [ERROR] Failed to load resource: the server responded with a status of 404 (Not Found) @ http://localhost:3000/favicon.ico:0
