[    7542ms] [ERROR] Failed to load resource: the server responded with a status of 500 (Internal Server Error) @ http://localhost:3000/geo-map:0
[    7993ms] [INFO] %cDownload the React DevTools for a better development experience: https://react.dev/link/react-devtools font-weight:bold @ webpack-internal:///(pages-dir-browser)/./node_modules/react-dom/cjs/react-dom-client.development.js:28004
[    8322ms] Error: ENOENT: no such file or directory, open 'D:\trading bot\geo-market-ml\frontend\.next-dev\server\pages\_document.js'
    at Object.readFileSync (node:fs:439:20)
    at defaultLoadImpl (node:internal/modules/cjs/loader:1141:17)
    at loadSource (node:internal/modules/cjs/loader:1831:20)
    at Object..js (node:internal/modules/cjs/loader:1929:44)
    at Module.load (node:internal/modules/cjs/loader:1525:32)
    at Module._load (node:internal/modules/cjs/loader:1327:12)
    at TracingChannel.traceSync (node:diagnostics_channel:328:14)
    at wrapModuleLoad (node:internal/modules/cjs/loader:245:24)
    at Module.<anonymous> (node:internal/modules/cjs/loader:1548:12)
    at mod.require (file://D:\trading bot\geo-market-ml\frontend\node_modules\next\dist\server\require-hook.js:68:28)
    at require (node:internal/modules/helpers:152:16)
    at requirePage (file://D:\trading bot\geo-market-ml\frontend\node_modules\next\dist\server\require.js:99:80)
    at loadComponentsImpl (file://D:\trading bot\geo-market-ml\frontend\node_modules\next\dist\server\load-components.js:86:38)
    at DevServer.findPageComponentsImpl (file://D:\trading bot\geo-market-ml\frontend\node_modules\next\dist\server\next-server.js:899:77)
    at <unknown> (file://D:\trading bot\geo-market-ml\frontend\node_modules\next\dist\server\next-server.js:877:21)
    at <unknown> (file://D:\trading bot\geo-market-ml\frontend\node_modules\next\dist\server\lib\trace\tracer.js:184:36)
    at NoopContextManager.with (file://D:\trading bot\geo-market-ml\frontend\node_modules\next\dist\compiled\@opentelemetry\api\index.js:1:7062)
    at ContextAPI.with (file://D:\trading bot\geo-market-ml\frontend\node_modules\next\dist\compiled\@opentelemetry\api\index.js:1:518)
    at NoopTracer.startActiveSpan (file://D:\trading bot\geo-market-ml\frontend\node_modules\next\dist\compiled\@opentelemetry\api\index.js:1:18093)
    at ProxyTracer.startActiveSpan (file://D:\trading bot\geo-market-ml\frontend\node_modules\next\dist\compiled\@opentelemetry\api\index.js:1:18854)
    at <unknown> (file://D:\trading bot\geo-market-ml\frontend\node_modules\next\dist\server\lib\trace\tracer.js:153:103)
    at NoopContextManager.with (file://D:\trading bot\geo-market-ml\frontend\node_modules\next\dist\compiled\@opentelemetry\api\index.js:1:7062)
    at ContextAPI.with (file://D:\trading bot\geo-market-ml\frontend\node_modules\next\dist\compiled\@opentelemetry\api\index.js:1:518)
    at NextTracerImpl.trace (file://D:\trading bot\geo-market-ml\frontend\node_modules\next\dist\server\lib\trace\tracer.js:153:28)
    at DevServer.findPageComponents (file://D:\trading bot\geo-market-ml\frontend\node_modules\next\dist\server\next-server.js:872:41)
    at DevServer.findPageComponents (file://D:\trading bot\geo-market-ml\frontend\node_modules\next\dist\server\dev\next-dev-server.js:706:28)
    at async DevServer.renderErrorToResponseImpl (file://D:\trading bot\geo-market-ml\frontend\node_modules\next\dist\server\base-server.js:1687:26)
    at async pipe.req.req (file://D:\trading bot\geo-market-ml\frontend\node_modules\next\dist\server\base-server.js:1610:30)
    at async DevServer.pipeImpl (file://D:\trading bot\geo-market-ml\frontend\node_modules\next\dist\server\base-server.js:1025:25)
    at async NextNodeServer.handleCatchallRenderRequest (file://D:\trading bot\geo-market-ml\frontend\node_modules\next\dist\server\next-server.js:408:21)
    at async DevServer.handleRequestImpl (file://D:\trading bot\geo-market-ml\frontend\node_modules\next\dist\server\base-server.js:916:17)
    at async (file://D:\trading bot\geo-market-ml\frontend\node_modules\next\dist\server\dev\next-dev-server.js:400:20)
    at async Span.traceAsyncFn (file://D:\trading bot\geo-market-ml\frontend\node_modules\next\dist\trace\trace.js:157:20)
    at async DevServer.handleRequest (file://D:\trading bot\geo-market-ml\frontend\node_modules\next\dist\server\dev\next-dev-server.js:396:24)
    at async invokeRender (file://D:\trading bot\geo-market-ml\frontend\node_modules\next\dist\server\lib\router-server.js:240:21)
    at async handleRequest (file://D:\trading bot\geo-market-ml\frontend\node_modules\next\dist\server\lib\router-server.js:437:24)
    at async requestHandlerImpl (file://D:\trading bot\geo-market-ml\frontend\node_modules\next\dist\server\lib\router-server.js:485:13)
    at async Server.requestListener (file://D:\trading bot\geo-market-ml\frontend\node_modules\next\dist\server\lib\start-server.js:226:13)
[    8320ms] [LOG] [HMR] connected @ webpack-internal:///(pages-dir-browser)/./node_modules/next/dist/client/dev/hot-reloader/pages/websocket.js:45
