[     713ms] [WARNING] THREE.THREE.Clock: This module has been deprecated. Please use THREE.Timer instead. @ https://www.web-code.tech/assets/index-NDXvgjch.js:58
[     735ms] [WARNING] THREE.THREE.Clock: This module has been deprecated. Please use THREE.Timer instead. @ https://www.web-code.tech/assets/index-NDXvgjch.js:58
[    1463ms] [ERROR] Access to fetch at 'https://geotrade-8pei.onrender.com/api/v1/signals/assets' from origin 'https://www.web-code.tech' has been blocked by CORS policy: No 'Access-Control-Allow-Origin' header is present on the requested resource. @ https://www.web-code.tech/:0
[    1463ms] [ERROR] Failed to load resource: net::ERR_FAILED @ https://geotrade-8pei.onrender.com/api/v1/signals/assets:0
[    1463ms] [ERROR] Access to fetch at 'https://geotrade-8pei.onrender.com/api/v1/events/timeline' from origin 'https://www.web-code.tech' has been blocked by CORS policy: No 'Access-Control-Allow-Origin' header is present on the requested resource. @ https://www.web-code.tech/:0
[    1463ms] [ERROR] Failed to load resource: net::ERR_FAILED @ https://geotrade-8pei.onrender.com/api/v1/events/timeline:0
[    1464ms] [ERROR] Access to fetch at 'https://geotrade-8pei.onrender.com/api/v1/gti/current' from origin 'https://www.web-code.tech' has been blocked by CORS policy: No 'Access-Control-Allow-Origin' header is present on the requested resource. @ https://www.web-code.tech/:0
[    1464ms] [ERROR] Failed to load resource: net::ERR_FAILED @ https://geotrade-8pei.onrender.com/api/v1/gti/current:0
[   16819ms] [ERROR] Access to fetch at 'https://geotrade-8pei.onrender.com/api/v1/gti/current' from origin 'https://www.web-code.tech' has been blocked by CORS policy: No 'Access-Control-Allow-Origin' header is present on the requested resource. @ https://www.web-code.tech/:0
[   16819ms] [ERROR] Failed to load resource: net::ERR_FAILED @ https://geotrade-8pei.onrender.com/api/v1/gti/current:0
[   31993ms] [ERROR] Access to fetch at 'https://geotrade-8pei.onrender.com/api/v1/events/timeline' from origin 'https://www.web-code.tech' has been blocked by CORS policy: No 'Access-Control-Allow-Origin' header is present on the requested resource. @ https://www.web-code.tech/:0
[   31994ms] [ERROR] Failed to load resource: net::ERR_FAILED @ https://geotrade-8pei.onrender.com/api/v1/events/timeline:0
[   32078ms] [ERROR] Access to fetch at 'https://geotrade-8pei.onrender.com/api/v1/signals/assets' from origin 'https://www.web-code.tech' has been blocked by CORS policy: No 'Access-Control-Allow-Origin' header is present on the requested resource. @ https://www.web-code.tech/:0
[   32079ms] [ERROR] Failed to load resource: net::ERR_FAILED @ https://geotrade-8pei.onrender.com/api/v1/signals/assets:0
[   32222ms] [ERROR] Access to fetch at 'https://geotrade-8pei.onrender.com/api/v1/gti/current' from origin 'https://www.web-code.tech' has been blocked by CORS policy: No 'Access-Control-Allow-Origin' header is present on the requested resource. @ https://www.web-code.tech/:0
[   32222ms] [ERROR] Failed to load resource: net::ERR_FAILED @ https://geotrade-8pei.onrender.com/api/v1/gti/current:0
[   47749ms] [ERROR] Access to fetch at 'https://geotrade-8pei.onrender.com/api/v1/gti/current' from origin 'https://www.web-code.tech' has been blocked by CORS policy: No 'Access-Control-Allow-Origin' header is present on the requested resource. @ https://www.web-code.tech/:0
[   47750ms] [ERROR] Failed to load resource: net::ERR_FAILED @ https://geotrade-8pei.onrender.com/api/v1/gti/current:0
[   62403ms] [ERROR] Access to fetch at 'https://geotrade-8pei.onrender.com/api/v1/events/timeline' from origin 'https://www.web-code.tech' has been blocked by CORS policy: No 'Access-Control-Allow-Origin' header is present on the requested resource. @ https://www.web-code.tech/:0
[   62403ms] [ERROR] Failed to load resource: net::ERR_FAILED @ https://geotrade-8pei.onrender.com/api/v1/events/timeline:0
[   62504ms] [ERROR] Access to fetch at 'https://geotrade-8pei.onrender.com/api/v1/signals/assets' from origin 'https://www.web-code.tech' has been blocked by CORS policy: No 'Access-Control-Allow-Origin' header is present on the requested resource. @ https://www.web-code.tech/:0
[   62505ms] [ERROR] Failed to load resource: net::ERR_FAILED @ https://geotrade-8pei.onrender.com/api/v1/signals/assets:0
[   63199ms] [ERROR] Access to fetch at 'https://geotrade-8pei.onrender.com/api/v1/gti/current' from origin 'https://www.web-code.tech' has been blocked by CORS policy: No 'Access-Control-Allow-Origin' header is present on the requested resource. @ https://www.web-code.tech/:0
[   63200ms] [ERROR] Failed to load resource: net::ERR_FAILED @ https://geotrade-8pei.onrender.com/api/v1/gti/current:0
[   78647ms] [ERROR] Access to fetch at 'https://geotrade-8pei.onrender.com/api/v1/gti/current' from origin 'https://www.web-code.tech' has been blocked by CORS policy: No 'Access-Control-Allow-Origin' header is present on the requested resource. @ https://www.web-code.tech/:0
[   78648ms] [ERROR] Failed to load resource: net::ERR_FAILED @ https://geotrade-8pei.onrender.com/api/v1/gti/current:0
[   92811ms] [ERROR] Access to fetch at 'https://geotrade-8pei.onrender.com/api/v1/events/timeline' from origin 'https://www.web-code.tech' has been blocked by CORS policy: No 'Access-Control-Allow-Origin' header is present on the requested resource. @ https://www.web-code.tech/:0
[   92811ms] [ERROR] Failed to load resource: net::ERR_FAILED @ https://geotrade-8pei.onrender.com/api/v1/events/timeline:0
[   93076ms] [ERROR] Access to fetch at 'https://geotrade-8pei.onrender.com/api/v1/signals/assets' from origin 'https://www.web-code.tech' has been blocked by CORS policy: No 'Access-Control-Allow-Origin' header is present on the requested resource. @ https://www.web-code.tech/:0
[   93076ms] [ERROR] Failed to load resource: net::ERR_FAILED @ https://geotrade-8pei.onrender.com/api/v1/signals/assets:0
[   93993ms] [ERROR] Access to fetch at 'https://geotrade-8pei.onrender.com/api/v1/gti/current' from origin 'https://www.web-code.tech' has been blocked by CORS policy: No 'Access-Control-Allow-Origin' header is present on the requested resource. @ https://www.web-code.tech/:0
[   93993ms] [ERROR] Failed to load resource: net::ERR_FAILED @ https://geotrade-8pei.onrender.com/api/v1/gti/current:0
[  109527ms] [ERROR] Access to fetch at 'https://geotrade-8pei.onrender.com/api/v1/gti/current' from origin 'https://www.web-code.tech' has been blocked by CORS policy: No 'Access-Control-Allow-Origin' header is present on the requested resource. @ https://www.web-code.tech/:0
[  109527ms] [ERROR] Failed to load resource: net::ERR_FAILED @ https://geotrade-8pei.onrender.com/api/v1/gti/current:0
[  123287ms] [ERROR] Access to fetch at 'https://geotrade-8pei.onrender.com/api/v1/events/timeline' from origin 'https://www.web-code.tech' has been blocked by CORS policy: No 'Access-Control-Allow-Origin' header is present on the requested resource. @ https://www.web-code.tech/:0
[  123287ms] [ERROR] Failed to load resource: net::ERR_FAILED @ https://geotrade-8pei.onrender.com/api/v1/events/timeline:0
[  123509ms] [ERROR] Access to fetch at 'https://geotrade-8pei.onrender.com/api/v1/signals/assets' from origin 'https://www.web-code.tech' has been blocked by CORS policy: No 'Access-Control-Allow-Origin' header is present on the requested resource. @ https://www.web-code.tech/:0
[  123510ms] [ERROR] Failed to load resource: net::ERR_FAILED @ https://geotrade-8pei.onrender.com/api/v1/signals/assets:0
[  124990ms] [ERROR] Access to fetch at 'https://geotrade-8pei.onrender.com/api/v1/gti/current' from origin 'https://www.web-code.tech' has been blocked by CORS policy: No 'Access-Control-Allow-Origin' header is present on the requested resource. @ https://www.web-code.tech/:0
[  124990ms] [ERROR] Failed to load resource: net::ERR_FAILED @ https://geotrade-8pei.onrender.com/api/v1/gti/current:0
[  140437ms] [ERROR] Access to fetch at 'https://geotrade-8pei.onrender.com/api/v1/gti/current' from origin 'https://www.web-code.tech' has been blocked by CORS policy: No 'Access-Control-Allow-Origin' header is present on the requested resource. @ https://www.web-code.tech/:0
[  140437ms] [ERROR] Failed to load resource: net::ERR_FAILED @ https://geotrade-8pei.onrender.com/api/v1/gti/current:0
[  153644ms] [ERROR] Access to fetch at 'https://geotrade-8pei.onrender.com/api/v1/events/timeline' from origin 'https://www.web-code.tech' has been blocked by CORS policy: No 'Access-Control-Allow-Origin' header is present on the requested resource. @ https://www.web-code.tech/:0
[  153644ms] [ERROR] Failed to load resource: net::ERR_FAILED @ https://geotrade-8pei.onrender.com/api/v1/events/timeline:0
[  153893ms] [ERROR] Access to fetch at 'https://geotrade-8pei.onrender.com/api/v1/signals/assets' from origin 'https://www.web-code.tech' has been blocked by CORS policy: No 'Access-Control-Allow-Origin' header is present on the requested resource. @ https://www.web-code.tech/:0
[  153893ms] [ERROR] Failed to load resource: net::ERR_FAILED @ https://geotrade-8pei.onrender.com/api/v1/signals/assets:0
[  155909ms] [ERROR] Access to fetch at 'https://geotrade-8pei.onrender.com/api/v1/gti/current' from origin 'https://www.web-code.tech' has been blocked by CORS policy: No 'Access-Control-Allow-Origin' header is present on the requested resource. @ https://www.web-code.tech/:0
[  155910ms] [ERROR] Failed to load resource: net::ERR_FAILED @ https://geotrade-8pei.onrender.com/api/v1/gti/current:0
[  171365ms] [ERROR] Access to fetch at 'https://geotrade-8pei.onrender.com/api/v1/gti/current' from origin 'https://www.web-code.tech' has been blocked by CORS policy: No 'Access-Control-Allow-Origin' header is present on the requested resource. @ https://www.web-code.tech/:0
[  171365ms] [ERROR] Failed to load resource: net::ERR_FAILED @ https://geotrade-8pei.onrender.com/api/v1/gti/current:0
[  184005ms] [ERROR] Access to fetch at 'https://geotrade-8pei.onrender.com/api/v1/events/timeline' from origin 'https://www.web-code.tech' has been blocked by CORS policy: No 'Access-Control-Allow-Origin' header is present on the requested resource. @ https://www.web-code.tech/:0
[  184005ms] [ERROR] Failed to load resource: net::ERR_FAILED @ https://geotrade-8pei.onrender.com/api/v1/events/timeline:0
[  184228ms] [ERROR] Access to fetch at 'https://geotrade-8pei.onrender.com/api/v1/signals/assets' from origin 'https://www.web-code.tech' has been blocked by CORS policy: No 'Access-Control-Allow-Origin' header is present on the requested resource. @ https://www.web-code.tech/:0
[  184228ms] [ERROR] Failed to load resource: net::ERR_FAILED @ https://geotrade-8pei.onrender.com/api/v1/signals/assets:0
[  186713ms] [ERROR] Access to fetch at 'https://geotrade-8pei.onrender.com/api/v1/gti/current' from origin 'https://www.web-code.tech' has been blocked by CORS policy: No 'Access-Control-Allow-Origin' header is present on the requested resource. @ https://www.web-code.tech/:0
[  186713ms] [ERROR] Failed to load resource: net::ERR_FAILED @ https://geotrade-8pei.onrender.com/api/v1/gti/current:0
[  202160ms] [ERROR] Access to fetch at 'https://geotrade-8pei.onrender.com/api/v1/gti/current' from origin 'https://www.web-code.tech' has been blocked by CORS policy: No 'Access-Control-Allow-Origin' header is present on the requested resource. @ https://www.web-code.tech/:0
[  202161ms] [ERROR] Failed to load resource: net::ERR_FAILED @ https://geotrade-8pei.onrender.com/api/v1/gti/current:0
[  214461ms] [ERROR] Access to fetch at 'https://geotrade-8pei.onrender.com/api/v1/events/timeline' from origin 'https://www.web-code.tech' has been blocked by CORS policy: No 'Access-Control-Allow-Origin' header is present on the requested resource. @ https://www.web-code.tech/:0
[  214462ms] [ERROR] Failed to load resource: net::ERR_FAILED @ https://geotrade-8pei.onrender.com/api/v1/events/timeline:0
[  214651ms] [ERROR] Access to fetch at 'https://geotrade-8pei.onrender.com/api/v1/signals/assets' from origin 'https://www.web-code.tech' has been blocked by CORS policy: No 'Access-Control-Allow-Origin' header is present on the requested resource. @ https://www.web-code.tech/:0
[  214651ms] [ERROR] Failed to load resource: net::ERR_FAILED @ https://geotrade-8pei.onrender.com/api/v1/signals/assets:0
[  217526ms] [ERROR] Access to fetch at 'https://geotrade-8pei.onrender.com/api/v1/gti/current' from origin 'https://www.web-code.tech' has been blocked by CORS policy: No 'Access-Control-Allow-Origin' header is present on the requested resource. @ https://www.web-code.tech/:0
[  217527ms] [ERROR] Failed to load resource: net::ERR_FAILED @ https://geotrade-8pei.onrender.com/api/v1/gti/current:0
[  232894ms] [ERROR] Access to fetch at 'https://geotrade-8pei.onrender.com/api/v1/gti/current' from origin 'https://www.web-code.tech' has been blocked by CORS policy: No 'Access-Control-Allow-Origin' header is present on the requested resource. @ https://www.web-code.tech/:0
[  232894ms] [ERROR] Failed to load resource: net::ERR_FAILED @ https://geotrade-8pei.onrender.com/api/v1/gti/current:0
[  244907ms] [ERROR] Access to fetch at 'https://geotrade-8pei.onrender.com/api/v1/events/timeline' from origin 'https://www.web-code.tech' has been blocked by CORS policy: No 'Access-Control-Allow-Origin' header is present on the requested resource. @ https://www.web-code.tech/:0
[  244907ms] [ERROR] Failed to load resource: net::ERR_FAILED @ https://geotrade-8pei.onrender.com/api/v1/events/timeline:0
[  245008ms] [ERROR] Access to fetch at 'https://geotrade-8pei.onrender.com/api/v1/signals/assets' from origin 'https://www.web-code.tech' has been blocked by CORS policy: No 'Access-Control-Allow-Origin' header is present on the requested resource. @ https://www.web-code.tech/:0
[  245009ms] [ERROR] Failed to load resource: net::ERR_FAILED @ https://geotrade-8pei.onrender.com/api/v1/signals/assets:0
[  248390ms] [ERROR] Access to fetch at 'https://geotrade-8pei.onrender.com/api/v1/gti/current' from origin 'https://www.web-code.tech' has been blocked by CORS policy: No 'Access-Control-Allow-Origin' header is present on the requested resource. @ https://www.web-code.tech/:0
[  248390ms] [ERROR] Failed to load resource: net::ERR_FAILED @ https://geotrade-8pei.onrender.com/api/v1/gti/current:0
[  263938ms] [ERROR] Access to fetch at 'https://geotrade-8pei.onrender.com/api/v1/gti/current' from origin 'https://www.web-code.tech' has been blocked by CORS policy: No 'Access-Control-Allow-Origin' header is present on the requested resource. @ https://www.web-code.tech/:0
[  263938ms] [ERROR] Failed to load resource: net::ERR_FAILED @ https://geotrade-8pei.onrender.com/api/v1/gti/current:0
[  275470ms] [ERROR] Access to fetch at 'https://geotrade-8pei.onrender.com/api/v1/events/timeline' from origin 'https://www.web-code.tech' has been blocked by CORS policy: No 'Access-Control-Allow-Origin' header is present on the requested resource. @ https://www.web-code.tech/:0
[  275470ms] [ERROR] Failed to load resource: net::ERR_FAILED @ https://geotrade-8pei.onrender.com/api/v1/events/timeline:0
[  275696ms] [ERROR] Access to fetch at 'https://geotrade-8pei.onrender.com/api/v1/signals/assets' from origin 'https://www.web-code.tech' has been blocked by CORS policy: No 'Access-Control-Allow-Origin' header is present on the requested resource. @ https://www.web-code.tech/:0
[  275696ms] [ERROR] Failed to load resource: net::ERR_FAILED @ https://geotrade-8pei.onrender.com/api/v1/signals/assets:0
[  279300ms] [ERROR] Access to fetch at 'https://geotrade-8pei.onrender.com/api/v1/gti/current' from origin 'https://www.web-code.tech' has been blocked by CORS policy: No 'Access-Control-Allow-Origin' header is present on the requested resource. @ https://www.web-code.tech/:0
[  279300ms] [ERROR] Failed to load resource: net::ERR_FAILED @ https://geotrade-8pei.onrender.com/api/v1/gti/current:0
[  294747ms] [ERROR] Access to fetch at 'https://geotrade-8pei.onrender.com/api/v1/gti/current' from origin 'https://www.web-code.tech' has been blocked by CORS policy: No 'Access-Control-Allow-Origin' header is present on the requested resource. @ https://www.web-code.tech/:0
[  294747ms] [ERROR] Failed to load resource: net::ERR_FAILED @ https://geotrade-8pei.onrender.com/api/v1/gti/current:0
[  305898ms] [ERROR] Access to fetch at 'https://geotrade-8pei.onrender.com/api/v1/events/timeline' from origin 'https://www.web-code.tech' has been blocked by CORS policy: No 'Access-Control-Allow-Origin' header is present on the requested resource. @ https://www.web-code.tech/:0
[  305898ms] [ERROR] Failed to load resource: net::ERR_FAILED @ https://geotrade-8pei.onrender.com/api/v1/events/timeline:0
[  306107ms] [ERROR] Access to fetch at 'https://geotrade-8pei.onrender.com/api/v1/signals/assets' from origin 'https://www.web-code.tech' has been blocked by CORS policy: No 'Access-Control-Allow-Origin' header is present on the requested resource. @ https://www.web-code.tech/:0
[  306107ms] [ERROR] Failed to load resource: net::ERR_FAILED @ https://geotrade-8pei.onrender.com/api/v1/signals/assets:0
[  310247ms] [ERROR] Access to fetch at 'https://geotrade-8pei.onrender.com/api/v1/gti/current' from origin 'https://www.web-code.tech' has been blocked by CORS policy: No 'Access-Control-Allow-Origin' header is present on the requested resource. @ https://www.web-code.tech/:0
[  310247ms] [ERROR] Failed to load resource: net::ERR_FAILED @ https://geotrade-8pei.onrender.com/api/v1/gti/current:0
[  325677ms] [ERROR] Access to fetch at 'https://geotrade-8pei.onrender.com/api/v1/gti/current' from origin 'https://www.web-code.tech' has been blocked by CORS policy: No 'Access-Control-Allow-Origin' header is present on the requested resource. @ https://www.web-code.tech/:0
[  325677ms] [ERROR] Failed to load resource: net::ERR_FAILED @ https://geotrade-8pei.onrender.com/api/v1/gti/current:0
[  336316ms] [ERROR] Access to fetch at 'https://geotrade-8pei.onrender.com/api/v1/events/timeline' from origin 'https://www.web-code.tech' has been blocked by CORS policy: No 'Access-Control-Allow-Origin' header is present on the requested resource. @ https://www.web-code.tech/:0
[  336316ms] [ERROR] Failed to load resource: net::ERR_FAILED @ https://geotrade-8pei.onrender.com/api/v1/events/timeline:0
[  336662ms] [ERROR] Access to fetch at 'https://geotrade-8pei.onrender.com/api/v1/signals/assets' from origin 'https://www.web-code.tech' has been blocked by CORS policy: No 'Access-Control-Allow-Origin' header is present on the requested resource. @ https://www.web-code.tech/:0
[  336662ms] [ERROR] Failed to load resource: net::ERR_FAILED @ https://geotrade-8pei.onrender.com/api/v1/signals/assets:0
[  341135ms] [ERROR] Access to fetch at 'https://geotrade-8pei.onrender.com/api/v1/gti/current' from origin 'https://www.web-code.tech' has been blocked by CORS policy: No 'Access-Control-Allow-Origin' header is present on the requested resource. @ https://www.web-code.tech/:0
[  341135ms] [ERROR] Failed to load resource: net::ERR_FAILED @ https://geotrade-8pei.onrender.com/api/v1/gti/current:0
[  356539ms] [ERROR] Access to fetch at 'https://geotrade-8pei.onrender.com/api/v1/gti/current' from origin 'https://www.web-code.tech' has been blocked by CORS policy: No 'Access-Control-Allow-Origin' header is present on the requested resource. @ https://www.web-code.tech/:0
[  356539ms] [ERROR] Failed to load resource: net::ERR_FAILED @ https://geotrade-8pei.onrender.com/api/v1/gti/current:0
[  366864ms] [ERROR] Access to fetch at 'https://geotrade-8pei.onrender.com/api/v1/events/timeline' from origin 'https://www.web-code.tech' has been blocked by CORS policy: No 'Access-Control-Allow-Origin' header is present on the requested resource. @ https://www.web-code.tech/:0
[  366865ms] [ERROR] Failed to load resource: net::ERR_FAILED @ https://geotrade-8pei.onrender.com/api/v1/events/timeline:0
[  367068ms] [ERROR] Access to fetch at 'https://geotrade-8pei.onrender.com/api/v1/signals/assets' from origin 'https://www.web-code.tech' has been blocked by CORS policy: No 'Access-Control-Allow-Origin' header is present on the requested resource. @ https://www.web-code.tech/:0
[  367068ms] [ERROR] Failed to load resource: net::ERR_FAILED @ https://geotrade-8pei.onrender.com/api/v1/signals/assets:0
[  372023ms] [ERROR] Access to fetch at 'https://geotrade-8pei.onrender.com/api/v1/gti/current' from origin 'https://www.web-code.tech' has been blocked by CORS policy: No 'Access-Control-Allow-Origin' header is present on the requested resource. @ https://www.web-code.tech/:0
[  372023ms] [ERROR] Failed to load resource: net::ERR_FAILED @ https://geotrade-8pei.onrender.com/api/v1/gti/current:0
[  387438ms] [ERROR] Access to fetch at 'https://geotrade-8pei.onrender.com/api/v1/gti/current' from origin 'https://www.web-code.tech' has been blocked by CORS policy: No 'Access-Control-Allow-Origin' header is present on the requested resource. @ https://www.web-code.tech/:0
[  387438ms] [ERROR] Failed to load resource: net::ERR_FAILED @ https://geotrade-8pei.onrender.com/api/v1/gti/current:0
[  397230ms] [ERROR] Access to fetch at 'https://geotrade-8pei.onrender.com/api/v1/events/timeline' from origin 'https://www.web-code.tech' has been blocked by CORS policy: No 'Access-Control-Allow-Origin' header is present on the requested resource. @ https://www.web-code.tech/:0
[  397230ms] [ERROR] Failed to load resource: net::ERR_FAILED @ https://geotrade-8pei.onrender.com/api/v1/events/timeline:0
[  397520ms] [ERROR] Access to fetch at 'https://geotrade-8pei.onrender.com/api/v1/signals/assets' from origin 'https://www.web-code.tech' has been blocked by CORS policy: No 'Access-Control-Allow-Origin' header is present on the requested resource. @ https://www.web-code.tech/:0
[  397521ms] [ERROR] Failed to load resource: net::ERR_FAILED @ https://geotrade-8pei.onrender.com/api/v1/signals/assets:0
[  402781ms] [ERROR] Access to fetch at 'https://geotrade-8pei.onrender.com/api/v1/gti/current' from origin 'https://www.web-code.tech' has been blocked by CORS policy: No 'Access-Control-Allow-Origin' header is present on the requested resource. @ https://www.web-code.tech/:0
[  402781ms] [ERROR] Failed to load resource: net::ERR_FAILED @ https://geotrade-8pei.onrender.com/api/v1/gti/current:0
[  418221ms] [ERROR] Access to fetch at 'https://geotrade-8pei.onrender.com/api/v1/gti/current' from origin 'https://www.web-code.tech' has been blocked by CORS policy: No 'Access-Control-Allow-Origin' header is present on the requested resource. @ https://www.web-code.tech/:0
[  418222ms] [ERROR] Failed to load resource: net::ERR_FAILED @ https://geotrade-8pei.onrender.com/api/v1/gti/current:0
[  427648ms] [ERROR] Access to fetch at 'https://geotrade-8pei.onrender.com/api/v1/events/timeline' from origin 'https://www.web-code.tech' has been blocked by CORS policy: No 'Access-Control-Allow-Origin' header is present on the requested resource. @ https://www.web-code.tech/:0
[  427648ms] [ERROR] Failed to load resource: net::ERR_FAILED @ https://geotrade-8pei.onrender.com/api/v1/events/timeline:0
[  427946ms] [ERROR] Access to fetch at 'https://geotrade-8pei.onrender.com/api/v1/signals/assets' from origin 'https://www.web-code.tech' has been blocked by CORS policy: No 'Access-Control-Allow-Origin' header is present on the requested resource. @ https://www.web-code.tech/:0
[  427946ms] [ERROR] Failed to load resource: net::ERR_FAILED @ https://geotrade-8pei.onrender.com/api/v1/signals/assets:0
[  433588ms] [ERROR] Access to fetch at 'https://geotrade-8pei.onrender.com/api/v1/gti/current' from origin 'https://www.web-code.tech' has been blocked by CORS policy: No 'Access-Control-Allow-Origin' header is present on the requested resource. @ https://www.web-code.tech/:0
[  433588ms] [ERROR] Failed to load resource: net::ERR_FAILED @ https://geotrade-8pei.onrender.com/api/v1/gti/current:0
[  449010ms] [ERROR] Access to fetch at 'https://geotrade-8pei.onrender.com/api/v1/gti/current' from origin 'https://www.web-code.tech' has been blocked by CORS policy: No 'Access-Control-Allow-Origin' header is present on the requested resource. @ https://www.web-code.tech/:0
[  449010ms] [ERROR] Failed to load resource: net::ERR_FAILED @ https://geotrade-8pei.onrender.com/api/v1/gti/current:0
[  458058ms] [ERROR] Access to fetch at 'https://geotrade-8pei.onrender.com/api/v1/events/timeline' from origin 'https://www.web-code.tech' has been blocked by CORS policy: No 'Access-Control-Allow-Origin' header is present on the requested resource. @ https://www.web-code.tech/:0
[  458059ms] [ERROR] Failed to load resource: net::ERR_FAILED @ https://geotrade-8pei.onrender.com/api/v1/events/timeline:0
[  458385ms] [ERROR] Access to fetch at 'https://geotrade-8pei.onrender.com/api/v1/signals/assets' from origin 'https://www.web-code.tech' has been blocked by CORS policy: No 'Access-Control-Allow-Origin' header is present on the requested resource. @ https://www.web-code.tech/:0
[  458386ms] [ERROR] Failed to load resource: net::ERR_FAILED @ https://geotrade-8pei.onrender.com/api/v1/signals/assets:0
[  464523ms] [ERROR] Access to fetch at 'https://geotrade-8pei.onrender.com/api/v1/gti/current' from origin 'https://www.web-code.tech' has been blocked by CORS policy: No 'Access-Control-Allow-Origin' header is present on the requested resource. @ https://www.web-code.tech/:0
[  464523ms] [ERROR] Failed to load resource: net::ERR_FAILED @ https://geotrade-8pei.onrender.com/api/v1/gti/current:0
[  479973ms] [ERROR] Access to fetch at 'https://geotrade-8pei.onrender.com/api/v1/gti/current' from origin 'https://www.web-code.tech' has been blocked by CORS policy: No 'Access-Control-Allow-Origin' header is present on the requested resource. @ https://www.web-code.tech/:0
[  479974ms] [ERROR] Failed to load resource: net::ERR_FAILED @ https://geotrade-8pei.onrender.com/api/v1/gti/current:0
[  488523ms] [ERROR] Access to fetch at 'https://geotrade-8pei.onrender.com/api/v1/events/timeline' from origin 'https://www.web-code.tech' has been blocked by CORS policy: No 'Access-Control-Allow-Origin' header is present on the requested resource. @ https://www.web-code.tech/:0
[  488523ms] [ERROR] Failed to load resource: net::ERR_FAILED @ https://geotrade-8pei.onrender.com/api/v1/events/timeline:0
[  488715ms] [ERROR] Access to fetch at 'https://geotrade-8pei.onrender.com/api/v1/signals/assets' from origin 'https://www.web-code.tech' has been blocked by CORS policy: No 'Access-Control-Allow-Origin' header is present on the requested resource. @ https://www.web-code.tech/:0
[  488716ms] [ERROR] Failed to load resource: net::ERR_FAILED @ https://geotrade-8pei.onrender.com/api/v1/signals/assets:0
[  495446ms] [ERROR] Access to fetch at 'https://geotrade-8pei.onrender.com/api/v1/gti/current' from origin 'https://www.web-code.tech' has been blocked by CORS policy: No 'Access-Control-Allow-Origin' header is present on the requested resource. @ https://www.web-code.tech/:0
[  495446ms] [ERROR] Failed to load resource: net::ERR_FAILED @ https://geotrade-8pei.onrender.com/api/v1/gti/current:0
[  510816ms] [ERROR] Access to fetch at 'https://geotrade-8pei.onrender.com/api/v1/gti/current' from origin 'https://www.web-code.tech' has been blocked by CORS policy: No 'Access-Control-Allow-Origin' header is present on the requested resource. @ https://www.web-code.tech/:0
[  510816ms] [ERROR] Failed to load resource: net::ERR_FAILED @ https://geotrade-8pei.onrender.com/api/v1/gti/current:0
[  518895ms] [ERROR] Access to fetch at 'https://geotrade-8pei.onrender.com/api/v1/events/timeline' from origin 'https://www.web-code.tech' has been blocked by CORS policy: No 'Access-Control-Allow-Origin' header is present on the requested resource. @ https://www.web-code.tech/:0
[  518895ms] [ERROR] Failed to load resource: net::ERR_FAILED @ https://geotrade-8pei.onrender.com/api/v1/events/timeline:0
[  519057ms] [ERROR] Access to fetch at 'https://geotrade-8pei.onrender.com/api/v1/signals/assets' from origin 'https://www.web-code.tech' has been blocked by CORS policy: No 'Access-Control-Allow-Origin' header is present on the requested resource. @ https://www.web-code.tech/:0
[  519057ms] [ERROR] Failed to load resource: net::ERR_FAILED @ https://geotrade-8pei.onrender.com/api/v1/signals/assets:0
[  526225ms] [ERROR] Access to fetch at 'https://geotrade-8pei.onrender.com/api/v1/gti/current' from origin 'https://www.web-code.tech' has been blocked by CORS policy: No 'Access-Control-Allow-Origin' header is present on the requested resource. @ https://www.web-code.tech/:0
[  526226ms] [ERROR] Failed to load resource: net::ERR_FAILED @ https://geotrade-8pei.onrender.com/api/v1/gti/current:0
